#-----------------------------------------------------------
# Vivado Lab Edition v2019.2 (64-bit)
# SW Build 2708876 on Wed Nov  6 21:40:23 MST 2019
# 
# Start of session at: Tue Oct  3 11:40:32 2023
# Process ID: 18772
# Current directory: C:/Users/Smplab/Documents/Franco/Inventvm/SW/inventvmScripts
# Command line: vivado_lab.exe -mode batch -source C:\validation\Projects\Franco\python\franco_val\venv\lib\site-packages\program_fpga\program_fpga.tcl -tclargs -hw_server localhost:3121 -hw_device xc7v585t_1 -bit_file C:\Validation\Projects\Franco\python\franco_val\inventm\fpga_images/e1067_00_1_franco_efuse_key.bit -hw_target 210299B721A0 -speed 15000000
# Log file: C:/Users/Smplab/Documents/Franco/Inventvm/SW/inventvmScripts/vivado_lab.log
# Journal file: C:/Users/Smplab/Documents/Franco/Inventvm/SW/inventvmScripts\vivado_lab.jou
#-----------------------------------------------------------
source {C:\validation\Projects\Franco\python\franco_val\venv\lib\site-packages\program_fpga\program_fpga.tcl}
